----------------------------------------------
Hello, I'm Duke
What can I do for you?
----------------------------------------------
root@PC:~# ----------------------------------------------
You have nothing to do! Yeay!
----------------------------------------------
root@PC:~# ----------------------------------------------
Done using the program? You should type "bye" instead.
----------------------------------------------
root@PC:~# ----------------------------------------------
Got it bro. I've added this task:
[T][✘]  task1
Now you have 1 tasks in the list.
----------------------------------------------
root@PC:~# ----------------------------------------------
Got it bro. I've added this task:
[D][✘] task2 (by: tomorrow)
Now you have 2 tasks in the list.
----------------------------------------------
root@PC:~# ----------------------------------------------
Got it bro. I've added this task:
[E][✘] task2 (at: Sunday)
Now you have 3 tasks in the list.
----------------------------------------------
root@PC:~# ----------------------------------------------
1. [T][✘]  task1
2. [D][✘] task2 (by: tomorrow)
3. [E][✘] task2 (at: Sunday)
----------------------------------------------
root@PC:~# ----------------------------------------------
Forgot to type something?
I need both the description and the time to add a deadline.
----------------------------------------------
root@PC:~# ----------------------------------------------
Forgot to type something?
I need both the description and the time to add an event.
----------------------------------------------
root@PC:~# ----------------------------------------------
Nice! I've marked this task as done:
[✓] task2
----------------------------------------------
root@PC:~# ----------------------------------------------
Hey bro.. Don't try to break me okay.. Invalid index.
----------------------------------------------
root@PC:~# ----------------------------------------------
Bye. Hope to see you soon!
----------------------------------------------
