Hello from
 ____        _        
|  _ \ _   _| | _____ 
| | | | | | | |/ / _ \
| |_| | |_| |   <  __/
|____/ \__,_|_|\_\___|

-----------------------------------
Hello, I'm Duke
What can I do for you?
-----------------------------------
root@PC:~# -----------------------------------
Got it. I've added this task:
[T][✘] task1
Now you have 1 tasks in the list.
-----------------------------------
root@PC:~# -----------------------------------
Got it. I've added this task:
[D][✘] task2 (by: tomorrow)
Now you have 2 tasks in the list.
-----------------------------------
root@PC:~# -----------------------------------
Got it. I've added this task:
[E][✘] task2 (at: Sunday)
Now you have 3 tasks in the list.
-----------------------------------
root@PC:~# -----------------------------------
1. [T][✘] task1
2. [D][✘] task2 (by: tomorrow)
3. [E][✘] task2 (at: Sunday)
-----------------------------------
root@PC:~# -----------------------------------
Nice! I've marked this task as done:
[✓] task2
-----------------------------------
root@PC:~# -----------------------------------
Invalid index!
-----------------------------------
root@PC:~# -----------------------------------
Bye. Hope to see you soon!
-----------------------------------
